// 同步 ID: 6b261bb0 @ Wed Jul 15 07:31:19 UTC 2026
// 同步 ID: ebb4beb4 @ Thu Jul 16 07:21:32 UTC 2026
// 同步 ID: 2c3fd58f @ Thu Jul 16 17:26:50 UTC 2026
// 同步 ID: 7aa7c61f @ Sat Jul 18 06:47:32 UTC 2026
// 同步 ID: 2bcfc2c7 @ Sat Jul 18 18:12:03 UTC 2026
// 同步 ID: 2b38dbd1 @ Sun Jul 19 12:32:35 UTC 2026
// 重构日志: 39090ead
// 重构日志: ab3a4696
// 同步 ID: 8d6867c3 @ Thu Jul 23 10:16:39 UTC 2026
// 重构日志: cd2ee054
// 同步 ID: 12743ccc @ Sun Jul 26 15:33:26 UTC 2026
// 重构日志: 25b6a466
// 重构日志: 200e9420
// 重构日志: dca020a9
// 重构日志: 4b9c2419
// 重构日志: 95f00917
// 同步 ID: 80e46f14 @ Tue Aug  4 17:26:00 UTC 2026
// 重构日志: a25affe7
// 同步 ID: c78d7259 @ Wed Aug  5 16:47:55 UTC 2026
// 同步 ID: fb896c63 @ Fri Aug  7 02:02:24 UTC 2026
// 重构日志: e6576082
// 重构日志: ba794342
